#
# Inizio mapfile
#

MAP

	NAME "WMS Cartografia comune locale"
	CONFIG "PROJ_LIB" "/usr/share/proj/"
	UNITS meters
	EXTENT 612485 5059500 730100 5157100
	SIZE 250 250
	#SHAPEPATH '/home/gis/dati_geografici/vector'
	#FONTSET "/home/gis/mapserver/fonts/font.sym"
	#SYMBOLSET '/home/gis/mapserver/symbols.sym'
	IMAGECOLOR 255 255 255
#	RESOLUTION

# Proiezione
	PROJECTION
		"init=epsg:32632"
	END
#  PROJECTION
#		"proj=utm"
#		"zone=32"
#		"ellps=WGS84"
#		"datum=WGS84"
#		"units=m"
#	END 

# Outputformat
	OUTPUTFORMAT	
		NAME png
 		DRIVER "GD/PNG"
  		MIMETYPE "image/png"
  		IMAGEMODE RGBA
  		EXTENSION "png"
		TRANSPARENT ON
		FORMATOPTION "INTERLACE=OFF"   # altrimenti non creo il pdf!
	END


# Web
	WEB
		IMAGEPATH "/tmp/wms/"
		IMAGEURL "/wms/"	
		METADATA
      			"wms_title"           "WMS Cartografia Comune"
      			"wms_onlineresource"  "http://10.0.100.119/cgi-bin/mapserv?map=/home/gis/mapserver/cartocomune_wms.map&"
      			"wms_srs"             "EPSG:32632"
			"wms_server_version"  "1.1.1"
		END
	END

# Layer
	LAYER
		NAME "DTM"
		TYPE RASTER
		STATUS off
		DATA "/home/gis/dati_geografici/DTM_600dpi_8bit.tif"
#		PROCESSING "DITHER=yes"
		DUMP true
		PROJECTION
			"init=epsg:32632"
		END
		METADATA
      			"wms_title"    "DTM"
      			"wms_srs"      "EPSG:32632"
   		END			
	END
	LAYER
		NAME "inquadramento"	
		GROUP "Inquadramento"
		TYPE polygon
		STATUS off
		DATA "inq010_utm.shp"
		LABELITEM "SEZ_CD"
		DUMP true
		PROJECTION
			"init=epsg:32632"
		END
		MINSCALEDENOM 50000
		CLASS
			NAME "inquadramento"
			MAXSCALEDENOM 700000
			MINSCALEDENOM 490000			
			STYLE
				OUTLINECOLOR 255 255 0
				COLOR 189 183 107
			END
			LABEL
				COLOR 0 0 0
				TYPE truetype
				FONT sans
				POSITION cc
				SIZE 5
				MINDISTANCE 20
			END
		END
		CLASS
			NAME "inquadramento"
			MAXSCALEDENOM 260000
			MINSCALEDENOM 90000			
			STYLE
				OUTLINECOLOR 255 255 0
				COLOR 189 183 107
			END
			LABEL
				COLOR 0 0 0
				TYPE truetype
				FONT sans
				POSITION cc
				SIZE 10
				MINDISTANCE 40
			END
		END
		CLASS
			NAME "inquadramento"
			MAXSCALEDENOM 90000
			MINSCALEDENOM 45000			
			STYLE
				OUTLINECOLOR 255 255 0
				COLOR 189 183 107
			END
			LABEL
				COLOR 0 0 0
				TYPE truetype
				FONT sans
				POSITION cc
				SIZE 15
				MINDISTANCE 60
			END
		END
		METADATA
      			"wms_title"    "inquadramento"
      			"wms_srs"      "EPSG:32632"
   		END
	END
	LAYER
		NAME "toponomastica"
		GROUP "Toponomastica"	
		TYPE point
		STATUS off
		DUMP true
		DATA "top010en_utm.shp"
		MAXSCALEDENOM 11000
		LABELITEM "TOP_NOMAI"
		LABELMAXSCALEDENOM 11000
		PROJECTION
			"init=epsg:32632"
		END
		CLASS
			NAME "toponomastica"
			MAXSCALEDENOM 11000
			MINSCALEDENOM 6000
			STYLE
				#SYMBOL "triangle"
				COLOR 255 255 255
				OUTLINECOLOR 0 0 0
				SIZE 4
			END			
			LABEL
				COLOR 255 255 255
				TYPE truetype
				FONT sans
				POSITION auto
				BUFFER 1
				OUTLINECOLOR 0 0 0
				SIZE 8
			END
		END
		CLASS
			NAME "toponomastica"
			MAXSCALEDENOM 6000
			STYLE
				#SYMBOL "triangle"
				COLOR 255 255 255
				OUTLINECOLOR 0 0 0
				SIZE 6
			END			
			LABEL
				COLOR 255 255 255
				TYPE truetype
				FONT sans
				POSITION auto
				BUFFER 1
				OUTLINECOLOR 0 0 0
				SIZE 12
			END
		END
		METADATA
      			"wms_title"    "toponomastica"
      			"wms_srs"      "EPSG:32632"
   		END
	END
	LAYER
		NAME "uso_suolo"	
		TYPE polygon
		GROUP "Uso del suolo"
		STATUS off
		DATA "usr_urb_att_utm.shp"
		MAXSCALEDENOM 260000
		DUMP true
		TEMPLATE template.html
		HEADER template.html
		FOOTER template.html
		PROJECTION
			"init=epsg:32632"
		END
		CLASSITEM "UR_CD"
		CLASS
			NAME "zone urbanizzate"
			MAXSCALEDENOM 260000
			MINSCALEDENOM 10000
			EXPRESSION ([UR_CD] > 1100 AND [UR_CD] < 1200)
			STYLE
    				COLOR 105 105 105
  			END	
		END
		CLASS
			NAME "zone industriali-commerciali"
			MAXSCALEDENOM 260000
			MINSCALEDENOM 10000
			EXPRESSION ([UR_CD] > 1200 AND [UR_CD] < 1285)
			STYLE
    				COLOR 220 220 220
  			END	
		END
		CLASS
			NAME "servizi civili-sociali"
			MAXSCALEDENOM 260000
			MINSCALEDENOM 10000
			EXPRESSION ([UR_CD] > 1289 AND [UR_CD] < 2000)
			STYLE
    				COLOR 255 165 0
  			END	
		END
		CLASS
			NAME "zone agricole"
			MAXSCALEDENOM 260000
			MINSCALEDENOM 10000
			EXPRESSION ([UR_CD] > 2000 AND [UR_CD] < 3000)
			STYLE
    				COLOR 128 128 0
  			END	
		END
		CLASS
			NAME "zone vegetali"
			MAXSCALEDENOM 260000
			MINSCALEDENOM 10000
			EXPRESSION ([UR_CD] > 3100 AND [UR_CD] < 5000)
			STYLE
    				COLOR 34 139 34
  			END	
		END
		CLASS
			NAME "acqua"
			MAXSCALEDENOM 260000
			MINSCALEDENOM 10000
			EXPRESSION ([UR_CD] > 5100)
			STYLE
    				COLOR 0 255 255
  			END	
		END
		CLASS
			NAME "vigneti"
			MAXSCALEDENOM 10000
			EXPRESSION "2210"
			STYLE
    				COLOR 50 205 50
  			END
  			STYLE
    				#SYMBOL "hatch"
    				COLOR 0 0 0
    				OUTLINECOLOR 0 0 0
				BACKGROUNDCOLOR -1 -1 -1
				ANGLE 45
				SIZE 6
				WIDTH 2
			END
		END
		CLASS
			NAME "frutteti"	
			MAXSCALEDENOM 10000
			EXPRESSION "2220"
			STYLE
				COLOR 50 205 50
			END
  			STYLE
    				#SYMBOL "hatch_rev"
    				COLOR 0 0 0
    				OUTLINECOLOR 0 0 0
				BACKGROUNDCOLOR -1 -1 -1
				ANGLE 135
				SIZE 6
				WIDTH 2
			END
		END
		CLASS
			NAME "oliveti"	
			MAXSCALEDENOM 10000
			EXPRESSION "2230"
			STYLE
				COLOR 50 205 50
			END
		END
		CLASS
			NAME "seminativi"
			MAXSCALEDENOM 10000	
			EXPRESSION "2100"
			STYLE
				COLOR 85 107 47
			END
		END
		CLASS
			NAME "colture agricole eterogenee"
			MAXSCALEDENOM 10000	
			EXPRESSION "2400"
			STYLE
				COLOR 85 107 47
			END
  			STYLE
    				#SYMBOL "hatch_rev"
    				COLOR 0 0 0
    				OUTLINECOLOR 0 0 0
				BACKGROUNDCOLOR -1 -1 -1
				ANGLE 135
				SIZE 6
				WIDTH 2
			END
		END
		CLASS
			NAME "prati stabili"	
			MAXSCALEDENOM 10000
			EXPRESSION "2310"
			STYLE
				COLOR 173 255 47
			END
		END
		CLASS
			NAME "incolti vegetali"	
			MAXSCALEDENOM 10000
			EXPRESSION "2500"
			STYLE
				COLOR 173 255 47
			END
  			STYLE
    				#SYMBOL "hatch_rev"
    				COLOR 0 0 0
    				OUTLINECOLOR 0 0 0
				BACKGROUNDCOLOR -1 -1 -1
				ANGLE 135
				SIZE 6
				WIDTH 2
			END
		END
		CLASS
			NAME "boschi di latifoglie"
			MAXSCALEDENOM 10000	
			EXPRESSION "3110"
			STYLE
				COLOR 34 139 34
			END
  			STYLE
    				#SYMBOL "hatch_rev"
    				COLOR 0 0 0
    				OUTLINECOLOR 0 0 0
				BACKGROUNDCOLOR -1 -1 -1
				ANGLE 135
				SIZE 6
				WIDTH 2
			END
		END
		CLASS
			NAME "boschi di conifere"
			MAXSCALEDENOM 10000	
			EXPRESSION "3120"
			STYLE
				COLOR 0 0 0
			END
  			STYLE
    				#SYMBOL "point"
    				COLOR 34 139 34
    				OUTLINECOLOR 34 139 34
				SIZE 6
				WIDTH 2
				BACKGROUNDCOLOR -1 -1 -1
			END
		END
		CLASS
			NAME "boschi misti"	
			MAXSCALEDENOM 10000
			EXPRESSION "3130"
			STYLE
				COLOR 34 139 34
			END
		END
		CLASS
			NAME "aree pascolo e praterie"
			MAXSCALEDENOM 10000	
			EXPRESSION "3210"
			STYLE
				COLOR 85 107 47
			END
		END
		CLASS
			NAME "arbusteti e cespuglieti"
			MAXSCALEDENOM 10000	
			EXPRESSION "([UR_CD] = 3221 OR [UR_CD] = 3220"
			STYLE
				COLOR 0 0 0
			END
  			STYLE
    				#SYMBOL "point"
    				COLOR 85 107 47
    				OUTLINECOLOR 85 107 47
				SIZE 6
				WIDTH 2
				BACKGROUNDCOLOR -1 -1 -1
			END
		END
		CLASS
			NAME "prati e pascoli alberati"	
			MAXSCALEDENOM 10000
			EXPRESSION ([UR_CD] = 3241 OR [UR_CD] = 3242)
			STYLE
				COLOR 85 107 47
			END
  			STYLE
    				#SYMBOL "hatch_rev"
    				COLOR 0 0 0
    				OUTLINECOLOR 0 0 0
				BACKGROUNDCOLOR -1 -1 -1
				ANGLE 135
				SIZE 6
				WIDTH 2
			END
		END
		CLASS
			NAME "rocce nude e rupi boscate"
			MAXSCALEDENOM 10000	
			EXPRESSION ([UR_CD] = 3321 OR [UR_CD] = 3323)
			STYLE
				COLOR 210 180 140
			END
		END
		CLASS
			NAME "ghiacciai"
			MAXSCALEDENOM 10000	
			EXPRESSION "3350"
			STYLE
				COLOR 224 255 255
			END
		END
		CLASS
			NAME "zone umide"
			MAXSCALEDENOM 10000	
			EXPRESSION "4100"
			STYLE
				COLOR 102 205 170
			END
		END
		CLASS
			NAME "paludi"
			MAXSCALEDENOM 10000	
			EXPRESSION "4110"
			STYLE
				COLOR 102 205 170
			END
  			STYLE
    				#SYMBOL "hatch_rev"
    				COLOR 0 0 0
    				OUTLINECOLOR 0 0 0
				BACKGROUNDCOLOR -1 -1 -1
				ANGLE 135
				SIZE 6
				WIDTH 2
			END
		END
		CLASS
			NAME "torbiere"
			MAXSCALEDENOM 10000	
			EXPRESSION "4120"
			STYLE
				COLOR 0 0 0
			END
  			STYLE
    				#SYMBOL "point"
    				COLOR 102 205 170
    				OUTLINECOLOR 102 205 170
				SIZE 6
				WIDTH 2
				BACKGROUNDCOLOR -1 -1 -1
			END
		END
		CLASS
			NAME "zone ripariali e torrenti affioranti"	
			MAXSCALEDENOM 10000
			EXPRESSION "4130"
			STYLE
    				COLOR 102 205 170
  			END
  			STYLE
    				#SYMBOL "hatch"
    				COLOR 0 0 0
    				OUTLINECOLOR 0 0 0
				BACKGROUNDCOLOR -1 -1 -1
				ANGLE 45
				SIZE 6
				WIDTH 2
			END
		END
		CLASS
			NAME "idrografia naturale"
			MAXSCALEDENOM 10000	
			EXPRESSION ([UR_CD] = 5111 OR [UR_CD] = 5121)
			STYLE
				COLOR 0 255 255
			END
		END
		CLASS
			NAME "idrografia artificiale"
			MAXSCALEDENOM 10000	
			EXPRESSION ([UR_CD] = 5112 OR [UR_CD] = 5122)
			STYLE
				COLOR 0 255 255
			END
  			STYLE
    				#SYMBOL "hatch"
    				COLOR 0 0 0
    				OUTLINECOLOR 0 0 0
				BACKGROUNDCOLOR -1 -1 -1
				ANGLE 45
				SIZE 6
				WIDTH 2
			END
		END
		CLASS
			NAME "tessuto urbano continuo"
			MAXSCALEDENOM 10000
			EXPRESSION "1110"
			STYLE
				COLOR 169 169 169
			END
  			STYLE
    				#SYMBOL "hatch"
    				COLOR 0 0 0
    				OUTLINECOLOR 0 0 0
				BACKGROUNDCOLOR -1 -1 -1
				ANGLE 45
				SIZE 6
				WIDTH 2
			END
		END
		CLASS
			NAME "tessuto urbano discontinuo"
			MAXSCALEDENOM 10000	
			EXPRESSION "1120"
			STYLE
 				COLOR 0 0 0
			END
  			STYLE
    				#SYMBOL "point"
    				COLOR 169 169 169
    				OUTLINECOLOR 169 169 169
				SIZE 6
				WIDTH 2
				BACKGROUNDCOLOR -1 -1 -1
			END
		END
		CLASS
			NAME "case singole"	
			MAXSCALEDENOM 10000
			EXPRESSION "1130"
			STYLE
				COLOR 169 169 169
			END
		END
		CLASS
			NAME "aree industriali e artigianali"	
			MAXSCALEDENOM 10000
			EXPRESSION "1211"
			STYLE
				COLOR 47 79 79
			END
  			STYLE
    				#SYMBOL "hatch"
    				COLOR 0 0 0
    				OUTLINECOLOR 0 0 0
				BACKGROUNDCOLOR -1 -1 -1
				ANGLE 45
				SIZE 6
				WIDTH 2
			END
		END
		CLASS
			NAME "aree commerciali"	
			MAXSCALEDENOM 10000
			EXPRESSION "1212"
			STYLE
				COLOR 47 79 79
			END
		END
		CLASS
			NAME "aree portuali e aeroporti"
			MAXSCALEDENOM 10000	
			EXPRESSION ([UR_CD] = 1230 OR [UR_CD] = 1240)
			STYLE
				COLOR 220 220 220
			END
  			STYLE
    				#SYMBOL "hatch"
    				COLOR 0 0 0
    				OUTLINECOLOR 0 0 0
				BACKGROUNDCOLOR -1 -1 -1
				ANGLE 45
				SIZE 6
				WIDTH 2
			END
		END
		CLASS
			NAME "servizio stradale"
			MAXSCALEDENOM 10000	
			EXPRESSION ([UR_CD] = 1251 OR [UR_CD] = 1252 OR [UR_CD] = 1253 OR [UR_CD] = 1254 OR [UR_CD] = 1255 OR [UR_CD] = 1221)
			STYLE
				COLOR 128 0 0
			END
  			STYLE
    				#SYMBOL "hatch"
    				COLOR 0 0 0
    				OUTLINECOLOR 0 0 0
				BACKGROUNDCOLOR -1 -1 -1
				ANGLE 45
				SIZE 6
				WIDTH 2
			END
		END
		CLASS
			NAME "servizio ferroviario"	
			MAXSCALEDENOM 10000
			EXPRESSION ([UR_CD] = 1261 OR [UR_CD] = 1262 OR [UR_CD] = 1263 OR [UR_CD] = 1222)
			STYLE
				COLOR 105 105 105
			END
  			STYLE
    				#SYMBOL "hatch"
    				COLOR 0 0 0
    				OUTLINECOLOR 0 0 0
				BACKGROUNDCOLOR -1 -1 -1
				ANGLE 45
				SIZE 6
				WIDTH 2
			END
		END
		CLASS
			NAME "impianti a fune"	
			MAXSCALEDENOM 10000
			EXPRESSION "1271"
			STYLE
				COLOR 220 220 220
			END
		END
		CLASS
			NAME "impianti depurazione"
			MAXSCALEDENOM 10000	
			EXPRESSION "1281"
			STYLE
				COLOR 189 183 107
			END
  			STYLE
    				#SYMBOL "hatch"
    				COLOR 0 0 0
    				OUTLINECOLOR 0 0 0
				BACKGROUNDCOLOR -1 -1 -1
				ANGLE 45
				SIZE 6
				WIDTH 2
			END
		END
		CLASS
			NAME "stazioni per impianti a rete"
			MAXSCALEDENOM 10000	
			EXPRESSION "1282"
			STYLE
				COLOR 238 232 170
			END
		END
		CLASS
			NAME "centrali idroelettriche"	
			MAXSCALEDENOM 10000
			EXPRESSION "1283"
			STYLE
				COLOR 238 232 170
			END
  			STYLE
    				#SYMBOL "hatch"
    				COLOR 0 0 0
    				OUTLINECOLOR 0 0 0
				BACKGROUNDCOLOR -1 -1 -1
				ANGLE 45
				SIZE 6
				WIDTH 2
			END
		END
		CLASS
			NAME "complessi tecnologici"	
			MAXSCALEDENOM 10000
			EXPRESSION "1280"
			STYLE
				COLOR 0 0 0
			END
  			STYLE
    				#SYMBOL "point"
    				COLOR 238 232 170
    				OUTLINECOLOR 238 232 170
				BACKGROUNDCOLOR -1 -1 -1
				SIZE 6
				WIDTH 2
			END
		END
		CLASS
			NAME "complessi scolastici"
			MAXSCALEDENOM 10000	
			EXPRESSION "1291"
			STYLE
				COLOR 255 0 0
			END
		END
		CLASS
			NAME "complessi ospedalieri"
			MAXSCALEDENOM 10000	
			EXPRESSION "1292"
			STYLE
				COLOR 255 0 0
			END
  			STYLE
    				#SYMBOL "hatch"
    				COLOR 0 0 0
    				OUTLINECOLOR 0 0 0
				BACKGROUNDCOLOR -1 -1 -1
				ANGLE 45
				SIZE 6
				WIDTH 2
			END
		END
		CLASS
			NAME "complessi religiosi"	
			MAXSCALEDENOM 10000
			EXPRESSION "1293"
			STYLE
				COLOR 123 104 238
			END
		END
		CLASS
			NAME "complessi cimiteriali"
			MAXSCALEDENOM 10000	
			EXPRESSION "1294"
			STYLE
				COLOR 123 104 238
			END
  			STYLE
    				#SYMBOL "hatch"
    				COLOR 0 0 0
    				OUTLINECOLOR 0 0 0
				BACKGROUNDCOLOR -1 -1 -1
				ANGLE 45
				SIZE 6
				WIDTH 2
			END
		END
		CLASS
			NAME "altri complessi"
			MAXSCALEDENOM 10000	
			EXPRESSION "1295"
			STYLE
				COLOR 255 0 0
			END
  			STYLE
    				#SYMBOL "hatch_rev"
    				COLOR 0 0 0
    				OUTLINECOLOR 0 0 0
				BACKGROUNDCOLOR -1 -1 -1
				ANGLE 135
				SIZE 6
				WIDTH 2
			END
		END		
		CLASS
			NAME "zone militari"	
			MAXSCALEDENOM 10000
			EXPRESSION "1296"
			STYLE
				COLOR 0 0 0
			END
  			STYLE
    				#SYMBOL "point"
    				COLOR 255 0 0
    				OUTLINECOLOR 255 0 0
				SIZE 6
				WIDTH 2
				BACKGROUNDCOLOR -1 -1 -1
			END
		END
		CLASS
			NAME "cave"	
			MAXSCALEDENOM 10000
			EXPRESSION ([UR_CD] = 1311 OR [UR_CD] = 1312)
			STYLE
				COLOR 244 164 96
			END
		END	
		CLASS
			NAME "discariche"
			MAXSCALEDENOM 10000	
			EXPRESSION "1320"
			STYLE
				COLOR 0 0 0
			END
  			STYLE
    				#SYMBOL "point"
    				COLOR 244 164 96
    				OUTLINECOLOR 244 164 96
				SIZE 6
				WIDTH 2
				BACKGROUNDCOLOR -1 -1 -1
			END
		END		
		CLASS
			NAME "cantieri"	
			MAXSCALEDENOM 10000
			EXPRESSION "1330"
			STYLE
				COLOR 0 0 0
			END
  			STYLE
    				#SYMBOL "point"
    				COLOR 230 230 250
    				OUTLINECOLOR 230 230 250
				SIZE 6
				WIDTH 2
				BACKGROUNDCOLOR -1 -1 -1
			END
		END
		CLASS
			NAME "aree verdi urbane"
			MAXSCALEDENOM 10000	
			EXPRESSION "1410"
			STYLE
				COLOR 60 179 113
			END
		END	
		CLASS
			NAME "aree attività sportiva"	
			MAXSCALEDENOM 10000
			EXPRESSION "1421"
			STYLE
				COLOR 255 255 0
			END
		END	
		CLASS
			NAME "aree campeggi"
			MAXSCALEDENOM 10000	
			EXPRESSION "1422"
			STYLE
				COLOR 255 255 0
			END
  			STYLE
    				#SYMBOL "hatch"
    				COLOR 0 0 0
    				OUTLINECOLOR 0 0 0
				BACKGROUNDCOLOR -1 -1 -1
				ANGLE 45
				SIZE 6
				WIDTH 2
			END
		END	
		METADATA
      			"wms_title"    "uso_suolo"
      			"wms_srs"      "EPSG:32632"
			"gml_include_items" "UR_CD,Descrizion"

   		END					
	END
	LAYER
		NAME "catasto"	
		TYPE polygon
		GROUP "Catasto"
		STATUS off
		DUMP true
		DATA "catasto_union_utm.shp"
		PROJECTION
			"init=epsg:32632"
		END
		MAXSCALEDENOM 11000
		CLASS
			NAME "catasto"
			STYLE
				OUTLINECOLOR 0 0 0
				COLOR 240 230 140
			END
		END
		METADATA
      			"wms_title"    "catasto"
      			"wms_srs"      "EPSG:32632"
   		END		
	END
	LAYER
		NAME "viabilita"
		GROUP "Viabilita"	
		TYPE line
		STATUS off
		DATA "viapri.shp"
		CLASSITEM "STR_TI"
		CLASS
			MINSCALEDENOM 51000		
			NAME "viabilità"
			STYLE
				COLOR 0 0 0
				#SYMBOL 'circle'
				SIZE 2
			END	
			STYLE
				COLOR 139 69 19
				#SYMBOL 'circle'
				SIZE 1
			END		
		END
		CLASS
			MAXSCALEDENOM 51000
			MINSCALEDENOM 24000
			EXPRESSION "1"
			NAME "autostrade"
			STYLE
				COLOR 255 0 0
				#SYMBOL 'circle'
				SIZE 4
			END	
			STYLE
				COLOR 255 255 0
				#SYMBOL 'circle'
				SIZE 2
			END
			STYLE
				COLOR 255 0 0
				#SYMBOL 'linee'
				SIZE 1
			END		
		END
		CLASS
			MAXSCALEDENOM 51000
			MINSCALEDENOM 24000
			EXPRESSION ([STR_TI] = 2 OR [STR_TI] = 3)
			NAME "principale"
			STYLE
				COLOR 0 0 255
				#SYMBOL 'circle'
				SIZE 4
			END	
			STYLE
				COLOR 255 255 0
				#SYMBOL 'circle'
				SIZE 2
			END
			STYLE
				COLOR 0 0 255
				#SYMBOL 'linee'
				SIZE 1
			END		
		END
		CLASS
			MAXSCALEDENOM 51000
			MINSCALEDENOM 24000
			EXPRESSION ([STR_TI] = 4 OR [STR_TI] = 5 OR [STR_TI] = 7 OR [STR_TI] = 8 OR [STR_TI] = 9)
			NAME "secondarie"
			STYLE
				COLOR 0 255 0
				#SYMBOL 'circle'
				SIZE 4
			END	
			STYLE
				COLOR 255 255 0
				#SYMBOL 'circle'
				SIZE 2
			END
			STYLE
				COLOR 0 255 0
				#SYMBOL 'linee'
				SIZE 1
			END		
		END
		CLASS
			MAXSCALEDENOM 24000
			EXPRESSION "1"
			NAME "autostrade"
			STYLE
				COLOR 255 0 0
				#SYMBOL 'circle'
				SIZE 6
			END	
			STYLE
				COLOR 255 255 0
				#SYMBOL 'circle'
				SIZE 4
			END
			STYLE
				COLOR 255 0 0
				#SYMBOL 'linee'
				SIZE 1
			END		
		END
		CLASS
			MAXSCALEDENOM 24000
			EXPRESSION ([STR_TI] = 2 OR [STR_TI] = 3)
			NAME "principale"
			STYLE
				COLOR 0 0 255
				#SYMBOL 'circle'
				SIZE 6
			END	
			STYLE
				COLOR 255 255 0
				#SYMBOL 'circle'
				SIZE 4
			END
			STYLE
				COLOR 0 0 255
				#SYMBOL 'linee'
				SIZE 1
			END		
		END
		CLASS
			MAXSCALEDENOM 24000
			EXPRESSION ([STR_TI] = 4 OR [STR_TI] = 5 OR [STR_TI] = 7 OR [STR_TI] = 8 OR [STR_TI] = 9)
			NAME "secondarie"
			STYLE
				COLOR 0 255 0
				#SYMBOL 'circle'
				SIZE 6
			END	
			STYLE
				COLOR 255 255 0
				#SYMBOL 'circle'
				SIZE 4
			END
			STYLE
				COLOR 0 255 0
				#SYMBOL 'linee'
				SIZE 1
			END		
		END
		METADATA
      			"wms_title"    "viabilita"
      			"wms_srs"      "EPSG:32632"
   		END		
	END
	LAYER
		NAME "idrografia_principale"
		GROUP "Idrografia"	
		TYPE polygon
		DUMP true
		STATUS off
		PROJECTION
			"init=epsg:32632"
		END
		DATA "idrarp_utm.shp"
		CLASS
			NAME "idrografia"
			STYLE
				COLOR 0 255 255
			END
		END
		METADATA
      			"wms_title"    "idrografia_principale"
      			"wms_srs"      "EPSG:32632"
   		END		
	END
	LAYER
		NAME "idrografia_secondaria"
		GROUP "Idrografia"	
		TYPE line
		DUMP true
		STATUS off
		DATA "idrfiu_utm.shp"
		MAXSCALEDENOM 26000
		PROJECTION
			"init=epsg:32632"
		END
		CLASS
			NAME "idrografia"
			STYLE
				COLOR 0 255 255
			END
		END
		METADATA
      			"wms_title"    "idrografia_secondaria"
      			"wms_srs"      "EPSG:32632"
   		END		
	END
	LAYER
		NAME "nome_comuni"	
		GROUP "Amministrazione comunale"
		TYPE point
		STATUS on
		DUMP true
		DATA "centroidi_comuni.shp"
		PROJECTION
			"init=epsg:32632"
		END
		LABELMAXSCALEDENOM 260000
		LABELMINSCALEDENOM 24000
		LABELITEM "nome"
		CLASS
			NAME "Nome comuni"
			MAXSCALEDENOM 260000
			MINSCALEDENOM 110000
			STYLE
				COLOR 255 255 255
			END
			LABEL
				COLOR 255 255 255
				OUTLINECOLOR 0 0 0
				TYPE truetype
				FONT sans
				POSITION cc
				SIZE 8
			END
		END
		CLASS
			NAME "Nome comuni"
			MAXSCALEDENOM 110000
			MINSCALEDENOM 90000
			STYLE
				COLOR 255 255 255
			END
			LABEL
				COLOR 255 255 255
				OUTLINECOLOR 0 0 0
				TYPE truetype
				FONT sans
				POSITION cc
				SIZE 10
			END
		END
		CLASS
			NAME "Nome comuni"
			MAXSCALEDENOM 60000
			MINSCALEDENOM 24000
			STYLE
				COLOR 255 255 255
			END
			LABEL
				COLOR 255 255 255
				OUTLINECOLOR 0 0 0
				TYPE truetype
				FONT sans
				POSITION cc
				SIZE 14
			END
		END
		METADATA
      			"wms_title"    "nome_comuni"
      			"wms_srs"      "EPSG:32632"
   		END		
	END
	LAYER
		NAME "comuni"	
		GROUP "Amministrazione comunale"
		TYPE polygon
		STATUS on
		DUMP true
		TEMPLATE template.html
		DATA "ammcom08_utm.shp"
		PROJECTION
			"init=epsg:32632"
		END
		CLASS
			NAME "Comuni"
			MINSCALEDENOM 110000
			STYLE
				OUTLINECOLOR 0 0 0
				#SYMBOL 'linee2'
				COLOR -1 -1 -1
				SIZE 1
			END
		END
		CLASS
			NAME "Comuni"
			MAXSCALEDENOM 110000
			STYLE
				OUTLINECOLOR 0 0 0
				COLOR -1 -1 -1
				#SYMBOL 'linee2'
				SIZE 2
			END
		END
		METADATA
      			"wms_title"    "comuni"
      			"wms_srs"      "EPSG:32632"
   		END		
	END
END
